../Core/Src/motorTask.c:76:6:HAL_GPIO_EXTI_Callback	16	static
../Core/Src/motorTask.c:89:14:Motor_AbsFloat	16	static
../Core/Src/motorTask.c:99:16:Motor_GetStableTheta1Angle	40	static
../Core/Src/motorTask.c:183:16:Motor_CorrectTheta1Position	24	static
../Core/Src/motorTask.c:342:16:Motor_IsEncoderReady	4	static
../Core/Src/motorTask.c:352:16:Motor_Init	8	static
../Core/Src/motorTask.c:378:16:Motor_IsAngleInRange	16	static
../Core/Src/motorTask.c:396:13:Motor_ReportError	24	static
../Core/Src/motorTask.c:412:13:Motor_EnterSafeStop	24	static
../Core/Src/motorTask.c:441:16:Motor_HandleEstopRequest	8	static
../Core/Src/motorTask.c:457:16:Motor_HandleCommLostRequest	8	static
../Core/Src/motorTask.c:474:13:Motor_ReportCommandDone	24	static
../Core/Src/motorTask.c:487:16:Motor_CheckTarget	16	static
../Core/Src/motorTask.c:511:6:Motor_GetCommandedAngles	24	static
../Core/Src/motorTask.c:530:6:StartMotorTask	104	static
