../Core/Src/uart_dma.c:43:6:HAL_UART_ErrorCallback	16	static
../Core/Src/uart_dma.c:64:19:UartDma_StartReceive	16	static
../Core/Src/uart_dma.c:92:6:HAL_UARTEx_RxEventCallback	88	static
../Core/Src/uart_dma.c:139:19:UartDma_QueueTransmit	40	static
../Core/Src/uart_dma.c:173:6:UartDma_ProcessTransmit	8	static
../Core/Src/uart_dma.c:200:9:UartDma_IsReceiveRecoveryRequested	4	static
../Core/Src/uart_dma.c:206:19:UartDma_RecoverReceive	16	static
../Core/Src/uart_dma.c:253:6:HAL_UART_TxCpltCallback	16	static
